MAP
  NAME "Tests"
  STATUS ON
  EXTENT 420000 30000 900000 350000
  MAXSIZE 2500

  WEB
    TEMPLATE dummyTemplateForWmsGetFeatureInfo
    METADATA
        "ows_title" "Tests"
        "ows_encoding" "UTF-8"
        "wms_enable_request" "GetMap"
    END
  END

  PROJECTION
    "init=epsg:21781"
  END

  SYMBOL
    NAME "circle"
    TYPE ellipse
    POINTS
      1 1
    END
    FILLED true
  END

  LAYER
    NAME "point"
    TYPE POINT
    CONNECTIONTYPE postgis
    CONNECTION "user=postgres password=postgres dbname=tests host=localhost"
    DATA "the_geom FROM tests.point"
    STATUS ON
    CLASS
        COLOR 255 0 0
        SIZE 10
        SYMBOL "circle"
    END
  END

  LAYER
    NAME "line"
    TYPE LINE
    CONNECTIONTYPE postgis
    CONNECTION "user=postgres password=postgres dbname=tests host=localhost"
    DATA "the_geom FROM tests.line"
    STATUS ON
    CLASS
        COLOR 0 0 255
        WIDTH 5
    END
  END

  LAYER
    NAME "polygon"
    TYPE POLYGON
    CONNECTIONTYPE postgis
    CONNECTION "user=postgres password=postgres dbname=tests host=localhost"
    DATA "the_geom FROM tests.polygon"
    STATUS ON
    CLASS
        OUTLINECOLOR 0 255 0
        COLOR 255 255 0
    END
  END
END
